[chromewebstore.google.com/index552c.html]
[chromewebstore.google.com/POST.0.delayed]
[ssl.gstatic.com/chrome/webstore/images/icon_48px.png]
[ssl.gstatic.com/chrome/webstore/images/icon_96px.png]
[chromewebstore.google.com/index.html]
[ssl.gstatic.com/chrome/webstore/images/icon_144px.png]
[backblue.gif]
[fade.gif]
[index.html]
[chromewebstore.google.com/gci_91f30755d6a6b787dcc2a4062e6e9824.4.delayed]
[chromewebstore.google.com/Edg/index.html]
[chromewebstore.google.com/+/index.html]
[ssl.gstatic.com/gb/images/bar/al-icon.png]
[ssl.gstatic.com/chrome/webstore/images/promo/marquee_blue_patterned.png]
[chromewebstore.google.com/detail/todoist-for-chrome/jldhpllghnbhlbpcmnajkpdmadaolakh.html]
[chromewebstore.google.com/detail/volume-master/jghecgabfgfdldnmbfkhmffcabddioke.html]
[chromewebstore.google.com/detail/zoom-chrome-extension/kgjfgplpablkjnlkjmjdecgdpfankdle.html]
[chromewebstore.google.com/detail/awesome-screen-recorder-s/nlipoenfbbikpbjkfpfillcgkoblgpmj.html]
[chromewebstore.google.com/detail/adobe-acrobat-pdf-edit-co/efaidnbmnnnibpcajpcglclefindmkaj.html]
[chromewebstore.google.com/collection/get_started.html]
[ssl.gstatic.com/chrome/webstore/images/promo/marquee_lgbtq_themes_v2.png]
[chromewebstore.google.com/index552c.html]
[chromewebstore.google.com/POST.html]
[chromewebstore.google.com/index.html]
[chromewebstore.google.com/gci_91f30755d6a6b787dcc2a4062e6e9824.html]
[chromewebstore.google.com/Edg/index.html]
[chromewebstore.google.com/+/index.html]
[chromewebstore.google.com/detail/todoist-for-chrome/jldhpllghnbhlbpcmnajkpdmadaolakh.html]
[chromewebstore.google.com/detail/volume-master/jghecgabfgfdldnmbfkhmffcabddioke.html]
[chromewebstore.google.com/detail/zoom-chrome-extension/kgjfgplpablkjnlkjmjdecgdpfankdle.html]
[chromewebstore.google.com/detail/awesome-screen-recorder-s/nlipoenfbbikpbjkfpfillcgkoblgpmj.html]
[chromewebstore.google.com/detail/adobe-acrobat-pdf-edit-co/efaidnbmnnnibpcajpcglclefindmkaj.html]
[chromewebstore.google.com/collection/get_started.html]
[chromewebstore.google.com/collection/lgbtq_themes.html]
[chromewebstore.google.com/detail/google-translate/aapbdbdomjkkjkaonfhkkikfgjllcleb]
